// Jest Snapshot v1, https://goo.gl/fbAQLP

exports[`Prueba del componente TxtInput Valida integridad de cambios en el componente 1`] = `
<View
  style={
    {
      "marginBottom": 15,
      "paddingHorizontal": 20,
      "width": "100%",
    }
  }
>
  <Text
    style={
      {
        "color": "#000000",
        "fontSize": 16,
        "fontWeight": "400",
        "marginBottom": 5,
      }
    }
    testID="txtTextInput"
  >
    Titulo
  </Text>
  <TextInput
    editable={true}
    keyboardType="default"
    placeholder=""
    style={
      {
        "borderColor": "#000000",
        "borderRadius": 10,
        "borderWidth": 0.5,
        "color": "#000000",
        "height": 45,
        "paddingHorizontal": 15,
        "width": "100%",
      }
    }
    value=""
  />
</View>
`;
